// Jest Snapshot v1, https://goo.gl/fbAQLP

exports[`#fromData matches snapshot 1`] = `
<canvas
  data-snapshot-image="6ddadc6eeeb29b95a5432fe93efe9ecd"
  height="150"
  width="300"
/>
`;

exports[`#fromDataURL matches snapshot 1`] = `
<canvas
  data-snapshot-image="6ddadc6eeeb29b95a5432fe93efe9ecd"
  height="150"
  width="300"
/>
`;
